Device: cuda
Dataset version : v2.0.0
Dataset hash    : 894947e3b90f...
Experiment ID   : exp_20260522_103503_50ffa85f
pos_weight capped at 20.0 (raw max was 1665.7)
Dataset: 1000 graphs  |  node types: ['cpu', 'gpu', 'ram', 'hdd', 'switch', 'job', 'rca_context']
Edge types: 16
Train: 700 graphs  |  Val: 150 graphs  |  Test: 150 graphs (held out)
Model parameters: 311,878

==============================================================================
Training — early-stop signal: best-threshold F1 on val candidate set
==============================================================================
Epoch 01 | train_loss=0.3531 | val_loss=0.2299 | AUC=0.7940 | F1@best=0.2632 | RCA=0.2692 | MRR=0.3380 | 11.9s
Epoch 02 | train_loss=0.1479 | val_loss=0.1958 | AUC=0.9325 | F1@best=0.3284 | RCA=0.3269 | MRR=0.4481 | 6.3s
Epoch 03 | train_loss=0.1035 | val_loss=0.1853 | AUC=0.9589 | F1@best=0.3582 | RCA=0.3462 | MRR=0.4766 | 6.4s
Epoch 04 | train_loss=0.0675 | val_loss=0.1544 | AUC=0.9630 | F1@best=0.3853 | RCA=0.3654 | MRR=0.4993 | 6.4s
Epoch 05 | train_loss=0.0514 | val_loss=0.1966 | AUC=0.9604 | F1@best=0.4471 | RCA=0.4038 | MRR=0.5195 | 6.1s
Epoch 06 | train_loss=0.0408 | val_loss=0.2428 | AUC=0.9486 | F1@best=0.4634 | RCA=0.4231 | MRR=0.5408 | 6.3s
Epoch 07 | train_loss=0.0303 | val_loss=0.2746 | AUC=0.9440 | F1@best=0.4494 | RCA=0.3654 | MRR=0.4985 | 6.7s
Epoch 08 | train_loss=0.0270 | val_loss=0.3273 | AUC=0.9392 | F1@best=0.4096 | RCA=0.3846 | MRR=0.4893 | 6.1s
Epoch 09 | train_loss=0.0218 | val_loss=0.3101 | AUC=0.9415 | F1@best=0.4545 | RCA=0.4231 | MRR=0.5200 | 6.1s
Epoch 10 | train_loss=0.0189 | val_loss=0.3354 | AUC=0.9371 | F1@best=0.4324 | RCA=0.4423 | MRR=0.5452 | 6.0s
Epoch 11 | train_loss=0.0159 | val_loss=0.3316 | AUC=0.9353 | F1@best=0.4156 | RCA=0.4231 | MRR=0.5189 | 6.0s

Early stopping at epoch 11 (patience=5)

Training history saved -> d:\Vlad\JINR\checkpoints\training_history.json
Best model: epoch 6  val_f1=0.4634
Loaded best checkpoint from epoch 6

============================================================
FINAL EVALUATION  (val split)
============================================================
  loss : 0.2428
  AUC=0.9486  F1@0.5=0.3237  F1@best=0.4634 (t=0.94)  RCA-Top1=0.4231  MRR=0.5408
  rank histogram : {1: 22, 2: 7, 3: 4, 4: 2, 9: 1, 12: 1, 13: 1, 14: 1, 16: 3, 24: 1, 25: 1, 29: 1, 31: 2, 40: 1, 51: 1, 77: 1, 78: 1, 107: 1}
  hdd      AUC=0.963  F1@best=0.483  RCA-Top1=0.556
  switch   AUC=0.963  F1@best=0.643  RCA-Top1=0.722
  ram      AUC=0.910  F1@best=0.261  RCA-Top1=0.312
Loaded best checkpoint from epoch 6

============================================================
FINAL EVALUATION  (test split)
============================================================
  loss : 0.2240
  AUC=0.9380  F1@0.5=0.2099  F1@best=0.3860 (t=0.95)  RCA-Top1=0.3611  MRR=0.4629
  rank histogram : {1: 13, 2: 3, 3: 2, 4: 1, 6: 2, 8: 1, 10: 1, 11: 4, 15: 1, 19: 2, 23: 1, 24: 1, 29: 1, 62: 1, 77: 1, 171: 1}
  hdd      AUC=0.926  F1@best=0.444  RCA-Top1=0.417
  switch   AUC=0.964  F1@best=0.556  RCA-Top1=0.692
  ram      AUC=0.900  F1@best=0.222  RCA-Top1=0.364
Experiment logged -> experiments/registry.jsonl  [exp_20260522_103503_50ffa85f]
