Device: cuda
Dataset version : v2.0.0
Dataset hash    : 894947e3b90f...
Experiment ID   : exp_20260522_110625_62a2466b
pos_weight capped at 20.0 (raw max was 1665.7)
Dataset: 1000 graphs  |  node types: ['cpu', 'gpu', 'ram', 'hdd', 'switch', 'job', 'rca_context']
Edge types: 16
Train: 700 graphs  |  Val: 150 graphs  |  Test: 150 graphs (held out)
Model parameters: 311,878

==============================================================================
Training — early-stop signal: best-threshold F1 on val candidate set
==============================================================================
Epoch 01 | loss=4.9349 (bce=0.677 lw=4.258) | val_loss=0.4039 | AUC=0.9310 | F1@best=0.2651 | RCA=0.2692 | MRR=0.4200 | 12.3s
Epoch 02 | loss=2.7228 (bce=0.257 lw=2.466) | val_loss=0.2210 | AUC=0.9513 | F1@best=0.3243 | RCA=0.4231 | MRR=0.5083 | 6.4s
Epoch 03 | loss=1.6894 (bce=0.141 lw=1.548) | val_loss=0.1908 | AUC=0.9499 | F1@best=0.4054 | RCA=0.4038 | MRR=0.5241 | 6.5s
Epoch 04 | loss=1.3347 (bce=0.101 lw=1.234) | val_loss=0.1861 | AUC=0.9518 | F1@best=0.4000 | RCA=0.4615 | MRR=0.5611 | 6.7s
Epoch 05 | loss=0.9699 (bce=0.080 lw=0.890) | val_loss=0.1956 | AUC=0.9559 | F1@best=0.4286 | RCA=0.4423 | MRR=0.5613 | 6.3s
Epoch 06 | loss=0.8615 (bce=0.068 lw=0.794) | val_loss=0.2735 | AUC=0.9337 | F1@best=0.4235 | RCA=0.4231 | MRR=0.5427 | 6.4s
Epoch 07 | loss=0.6552 (bce=0.059 lw=0.597) | val_loss=0.2684 | AUC=0.9304 | F1@best=0.3878 | RCA=0.4231 | MRR=0.5330 | 6.3s
Epoch 08 | loss=0.5336 (bce=0.041 lw=0.493) | val_loss=0.3060 | AUC=0.9334 | F1@best=0.3736 | RCA=0.4423 | MRR=0.5333 | 6.4s
Epoch 09 | loss=0.4570 (bce=0.033 lw=0.424) | val_loss=0.3673 | AUC=0.9278 | F1@best=0.3846 | RCA=0.4231 | MRR=0.5299 | 6.7s
Epoch 10 | loss=0.3434 (bce=0.026 lw=0.317) | val_loss=0.3621 | AUC=0.9357 | F1@best=0.4211 | RCA=0.4423 | MRR=0.5380 | 6.5s

Early stopping at epoch 10 (patience=5)

Training history saved -> D:\Vlad\JINR\checkpoints\training_history.json
Best model: epoch 5  val_f1=0.4286
Loaded best checkpoint from epoch 5

============================================================
FINAL EVALUATION  (val split)
============================================================
  loss : 0.1956
  AUC=0.9559  F1@0.5=0.1953  F1@best=0.4286 (t=0.99)  RCA-Top1=0.4423  MRR=0.5613
  rank histogram : {1: 23, 2: 5, 3: 6, 5: 5, 6: 1, 9: 1, 13: 1, 15: 1, 20: 1, 26: 2, 29: 1, 32: 1, 41: 1, 44: 1, 63: 1, 86: 1}
  hdd      AUC=0.967  F1@best=0.500  RCA-Top1=0.556
  switch   AUC=0.939  F1@best=0.667  RCA-Top1=0.722
  ram      AUC=0.908  F1@best=0.195  RCA-Top1=0.438
Loaded best checkpoint from epoch 5

============================================================
FINAL EVALUATION  (test split)
============================================================
  loss : 0.1954
  AUC=0.9430  F1@0.5=0.1570  F1@best=0.3846 (t=0.99)  RCA-Top1=0.5278  MRR=0.5958
  rank histogram : {1: 19, 2: 1, 3: 1, 4: 1, 5: 2, 6: 3, 10: 2, 15: 2, 18: 1, 28: 1, 49: 1, 66: 1, 169: 1}
  hdd      AUC=0.932  F1@best=0.400  RCA-Top1=0.667
  switch   AUC=0.946  F1@best=0.500  RCA-Top1=0.923
  ram      AUC=0.904  F1@best=0.286  RCA-Top1=0.273
Experiment logged -> experiments/registry.jsonl  [exp_20260522_110625_62a2466b]
